// Jest Snapshot v1, https://goo.gl/fbAQLP

exports[`Popup menu renders popup menu 1`] = `
<Portal
  containerInfo={<div />}
>
  <div
    className="widget-popupmenu-root"
  >
    <ul
      className="popupmenu-menu popupmenu-position-bottom popup-portal mx-popup-menu"
      style={
        {
          "bottom": "initial",
          "display": "flex",
          "left": 0,
          "position": "absolute",
          "top": 1,
          "transform": "none",
          "zIndex": 1,
        }
      }
    >
      <li
        className="popupmenu-basic-item"
        key="0"
        onClick={[Function]}
      >
        Caption
      </li>
      <li
        className="popupmenu-basic-divider"
        key="1"
      />
    </ul>
  </div>
</Portal>
`;
