// Jest Snapshot v1, https://goo.gl/fbAQLP

exports[`Popup Menu renders popup menu 1`] = `
<DocumentFragment>
  <div
    class="popupmenu mx-popup-menu"
  >
    <div
      aria-controls=":r0:"
      aria-expanded="true"
      aria-haspopup="dialog"
      aria-hidden="true"
      class="popupmenu-trigger"
      data-floating-ui-inert=""
      data-state="open"
    >
      <button>
        Trigger
      </button>
    </div>
    <span
      aria-hidden="true"
      data-floating-ui-focus-guard=""
      data-floating-ui-inert=""
      data-type="inside"
      role="button"
      style="border: 0px; height: 1px; margin: -1px; overflow: hidden; padding: 0px; position: fixed; white-space: nowrap; width: 1px; top: 0px; left: 0px;"
      tabindex="0"
    />
    <div
      class="widget-popupmenu-root"
    >
      <ul
        class="popupmenu-menu"
        data-floating-ui-focusable=""
        id=":r0:"
        role="dialog"
        style="position: absolute; left: 0px; top: 0px; transform: translate(0px, 0px);"
        tabindex="0"
      >
        <li
          class="popupmenu-basic-item"
        >
          Caption
        </li>
        <li
          class="popupmenu-basic-divider"
        />
      </ul>
    </div>
    <span
      aria-hidden="true"
      data-floating-ui-focus-guard=""
      data-floating-ui-inert=""
      data-type="inside"
      role="button"
      style="border: 0px; height: 1px; margin: -1px; overflow: hidden; padding: 0px; position: fixed; white-space: nowrap; width: 1px; top: 0px; left: 0px;"
      tabindex="0"
    />
  </div>
</DocumentFragment>
`;
