// Jest Snapshot v1, https://goo.gl/fbAQLP

exports[`Sort selector renders correctly with a11y properties 1`] = `
<div>
  <div
    class="dropdown-container"
    data-focusindex="0"
  >
    <div
      class="dropdown-triggerer-wrapper"
    >
      <input
        aria-controls="undefined-dropdown-list"
        aria-expanded="false"
        aria-haspopup="true"
        aria-label="my input"
        class="form-control dropdown-triggerer"
        value=""
      />
      <button
        aria-label="my button"
        class="btn btn-default btn-sort icon-asc"
      />
    </div>
  </div>
</div>
`;

exports[`Sort selector renders correctly with no options 1`] = `
<div>
  <div
    class="dropdown-container"
    data-focusindex="0"
  >
    <div
      class="dropdown-triggerer-wrapper"
    >
      <input
        aria-controls="undefined-dropdown-list"
        aria-expanded="false"
        aria-haspopup="true"
        class="form-control dropdown-triggerer"
        value=""
      />
      <button
        class="btn btn-default btn-sort icon-asc"
      />
    </div>
  </div>
</div>
`;

exports[`Sort selector renders correctly with options 1`] = `
<div>
  <div
    class="dropdown-container"
    data-focusindex="0"
  >
    <div
      class="dropdown-triggerer-wrapper"
    >
      <input
        aria-controls="undefined-dropdown-list"
        aria-expanded="false"
        aria-haspopup="true"
        class="form-control dropdown-triggerer"
        value=""
      />
      <button
        class="btn btn-default btn-sort icon-asc"
      />
    </div>
  </div>
</div>
`;

exports[`Sort selector renders correctly with placeholder 1`] = `
<div>
  <div
    class="dropdown-container"
    data-focusindex="0"
  >
    <div
      class="dropdown-triggerer-wrapper"
    >
      <input
        aria-controls="undefined-dropdown-list"
        aria-expanded="false"
        aria-haspopup="true"
        class="form-control dropdown-triggerer"
        placeholder="find me"
        value=""
      />
      <button
        class="btn btn-default btn-sort icon-asc"
      />
    </div>
  </div>
</div>
`;
