// Jest Snapshot v1, https://goo.gl/fbAQLP

exports[`Combo box (Association) renders combobox widget 1`] = `
<div>
  <div
    class="widget-combobox"
  >
    <div
      class="form-control widget-combobox-input-container"
      tabindex="-1"
    >
      <div
        class="widget-combobox-selected-items"
      >
        <input
          aria-activedescendant=""
          aria-autocomplete="list"
          aria-controls="downshift-0-menu"
          aria-expanded="false"
          aria-labelledby="comboBox1-label"
          autocomplete="off"
          class="widget-combobox-input"
          id="comboBox1"
          placeholder=" "
          role="combobox"
          tabindex="0"
          value="111"
        />
        <span
          class="widget-combobox-text-label"
        >
          111
        </span>
      </div>
      <button
        class="widget-combobox-clear-button"
        tabindex="0"
      >
        <span
          class="widget-combobox-icon-container"
        >
          <span
            class="widget-combobox-clear-button-icon mx-icon-lined mx-icon-remove"
          />
        </span>
      </button>
      <div
        aria-controls="downshift-0-menu"
        aria-expanded="false"
        class="widget-combobox-down-arrow"
        id="downshift-0-toggle-button"
        tabindex="-1"
      >
        <span
          class="widget-combobox-icon-container"
        >
          <span
            class="widget-combobox-down-arrow-icon mx-icon-lined mx-icon-chevron-down"
          />
        </span>
      </div>
    </div>
    <div
      class="widget-combobox-menu widget-combobox-menu-hidden"
    >
      <ul
        aria-labelledby="comboBox1-label"
        class="widget-combobox-menu-list"
        id="downshift-0-menu"
        role="listbox"
      />
    </div>
  </div>
</div>
`;
