// Jest Snapshot v1, https://goo.gl/fbAQLP

exports[`Tooltip render DOM structure 1`] = `
<DocumentFragment>
  <div
    class="widget-tooltip widget-tooltip-right"
  >
    <div
      class="widget-tooltip-trigger"
    >
      <span
        aria-describedby=":r0:"
      >
        <div
          data-testid="tooltip-trigger"
          tabindex="0"
        >
          Trigger
        </div>
      </span>
    </div>
    <div
      class="widget-tooltip-content"
      data-floating-ui-focusable=""
      id=":r0:"
      role="tooltip"
      style="position: absolute; left: 0px; top: 0px; transform: translate(8px, 0px);"
      tabindex="-1"
    >
      Tooltip text
      <div
        class="widget-tooltip-arrow-left"
        style="top: 0px;"
      />
    </div>
  </div>
</DocumentFragment>
`;
