// Jest Snapshot v1, https://goo.gl/fbAQLP

exports[`Calendar renders correctly with basic props 1`] = `
{
  "asFragment": [Function],
  "baseElement": <body>
    <div>
      <div
        class="widget-calendar calendar-class"
        style="width: 100%; height: 400px;"
      >
        <div
          class="rbc-addons-dnd rbc-calendar"
        >
          <div
            class="calendar-toolbar"
          >
            <div
              class="btn-group"
            >
              <button
                class="btn btn-default"
                type="button"
              >
                <span
                  aria-hidden="true"
                  class="glyphicon glyphicon-backward"
                />
              </button>
              <button
                class="btn btn-default"
                type="button"
              >
                Today
              </button>
              <button
                class="btn btn-default"
                type="button"
              >
                <span
                  aria-hidden="true"
                  class="glyphicon glyphicon-forward"
                />
              </button>
            </div>
            <div
              class="btn-group"
            >
              <span
                class="calendar-label"
              >
                Apr 28 – May 02
              </span>
            </div>
            <div
              class="btn-group"
            >
              <button
                class="btn btn-default"
                type="button"
              >
                Day
              </button>
              <button
                class="btn btn-default"
                type="button"
              >
                Week
              </button>
              <button
                class="btn btn-default"
                type="button"
              >
                Month
              </button>
              <button
                class="btn btn-default active"
                type="button"
              >
                Custom
              </button>
              <button
                class="btn btn-default"
                type="button"
              >
                Agenda
              </button>
            </div>
          </div>
          <div
            class="rbc-time-view"
          >
            <div
              class="rbc-time-header"
            >
              <div
                class="rbc-label rbc-time-header-gutter"
              />
              <div
                class="rbc-time-header-content"
              >
                <div
                  class="rbc-row rbc-time-header-cell"
                >
                  <div
                    class="rbc-header rbc-today"
                  >
                    <button
                      class="rbc-button-link"
                      type="button"
                    >
                      <span
                        aria-sort="none"
                        role="columnheader"
                      >
                        28 Mon
                      </span>
                    </button>
                  </div>
                  <div
                    class="rbc-header"
                  >
                    <button
                      class="rbc-button-link"
                      type="button"
                    >
                      <span
                        aria-sort="none"
                        role="columnheader"
                      >
                        29 Tue
                      </span>
                    </button>
                  </div>
                  <div
                    class="rbc-header"
                  >
                    <button
                      class="rbc-button-link"
                      type="button"
                    >
                      <span
                        aria-sort="none"
                        role="columnheader"
                      >
                        30 Wed
                      </span>
                    </button>
                  </div>
                  <div
                    class="rbc-header"
                  >
                    <button
                      class="rbc-button-link"
                      type="button"
                    >
                      <span
                        aria-sort="none"
                        role="columnheader"
                      >
                        01 Thu
                      </span>
                    </button>
                  </div>
                  <div
                    class="rbc-header"
                  >
                    <button
                      class="rbc-button-link"
                      type="button"
                    >
                      <span
                        aria-sort="none"
                        role="columnheader"
                      >
                        02 Fri
                      </span>
                    </button>
                  </div>
                </div>
                <div
                  class="rbc-allday-cell"
                  role="rowgroup"
                >
                  <div
                    class="rbc-row-bg"
                  >
                    <div
                      class="rbc-day-bg rbc-today"
                    />
                    <div
                      class="rbc-day-bg"
                    />
                    <div
                      class="rbc-day-bg"
                    />
                    <div
                      class="rbc-day-bg"
                    />
                    <div
                      class="rbc-day-bg"
                    />
                  </div>
                  <div
                    class="rbc-row-content"
                    role="row"
                  >
                    <div
                      class="rbc-addons-dnd-row-body"
                    >
                      <div
                        class="rbc-row"
                      />
                      <div
                        class="rbc-row"
                      />
                    </div>
                  </div>
                </div>
              </div>
            </div>
            <div
              class="rbc-time-content"
            >
              <div
                class="rbc-time-gutter rbc-time-column"
              />
              <div
                class="rbc-day-slot rbc-time-column rbc-now rbc-today"
              >
                <div>
                  <div
                    class="rbc-events-container"
                  />
                </div>
              </div>
              <div
                class="rbc-day-slot rbc-time-column"
              >
                <div>
                  <div
                    class="rbc-events-container"
                  />
                </div>
              </div>
              <div
                class="rbc-day-slot rbc-time-column"
              >
                <div>
                  <div
                    class="rbc-events-container"
                  />
                </div>
              </div>
              <div
                class="rbc-day-slot rbc-time-column"
              >
                <div>
                  <div
                    class="rbc-events-container"
                  />
                </div>
              </div>
              <div
                class="rbc-day-slot rbc-time-column"
              >
                <div>
                  <div
                    class="rbc-events-container"
                  />
                </div>
              </div>
            </div>
          </div>
        </div>
      </div>
    </div>
  </body>,
  "container": <div>
    <div
      class="widget-calendar calendar-class"
      style="width: 100%; height: 400px;"
    >
      <div
        class="rbc-addons-dnd rbc-calendar"
      >
        <div
          class="calendar-toolbar"
        >
          <div
            class="btn-group"
          >
            <button
              class="btn btn-default"
              type="button"
            >
              <span
                aria-hidden="true"
                class="glyphicon glyphicon-backward"
              />
            </button>
            <button
              class="btn btn-default"
              type="button"
            >
              Today
            </button>
            <button
              class="btn btn-default"
              type="button"
            >
              <span
                aria-hidden="true"
                class="glyphicon glyphicon-forward"
              />
            </button>
          </div>
          <div
            class="btn-group"
          >
            <span
              class="calendar-label"
            >
              Apr 28 – May 02
            </span>
          </div>
          <div
            class="btn-group"
          >
            <button
              class="btn btn-default"
              type="button"
            >
              Day
            </button>
            <button
              class="btn btn-default"
              type="button"
            >
              Week
            </button>
            <button
              class="btn btn-default"
              type="button"
            >
              Month
            </button>
            <button
              class="btn btn-default active"
              type="button"
            >
              Custom
            </button>
            <button
              class="btn btn-default"
              type="button"
            >
              Agenda
            </button>
          </div>
        </div>
        <div
          class="rbc-time-view"
        >
          <div
            class="rbc-time-header"
          >
            <div
              class="rbc-label rbc-time-header-gutter"
            />
            <div
              class="rbc-time-header-content"
            >
              <div
                class="rbc-row rbc-time-header-cell"
              >
                <div
                  class="rbc-header rbc-today"
                >
                  <button
                    class="rbc-button-link"
                    type="button"
                  >
                    <span
                      aria-sort="none"
                      role="columnheader"
                    >
                      28 Mon
                    </span>
                  </button>
                </div>
                <div
                  class="rbc-header"
                >
                  <button
                    class="rbc-button-link"
                    type="button"
                  >
                    <span
                      aria-sort="none"
                      role="columnheader"
                    >
                      29 Tue
                    </span>
                  </button>
                </div>
                <div
                  class="rbc-header"
                >
                  <button
                    class="rbc-button-link"
                    type="button"
                  >
                    <span
                      aria-sort="none"
                      role="columnheader"
                    >
                      30 Wed
                    </span>
                  </button>
                </div>
                <div
                  class="rbc-header"
                >
                  <button
                    class="rbc-button-link"
                    type="button"
                  >
                    <span
                      aria-sort="none"
                      role="columnheader"
                    >
                      01 Thu
                    </span>
                  </button>
                </div>
                <div
                  class="rbc-header"
                >
                  <button
                    class="rbc-button-link"
                    type="button"
                  >
                    <span
                      aria-sort="none"
                      role="columnheader"
                    >
                      02 Fri
                    </span>
                  </button>
                </div>
              </div>
              <div
                class="rbc-allday-cell"
                role="rowgroup"
              >
                <div
                  class="rbc-row-bg"
                >
                  <div
                    class="rbc-day-bg rbc-today"
                  />
                  <div
                    class="rbc-day-bg"
                  />
                  <div
                    class="rbc-day-bg"
                  />
                  <div
                    class="rbc-day-bg"
                  />
                  <div
                    class="rbc-day-bg"
                  />
                </div>
                <div
                  class="rbc-row-content"
                  role="row"
                >
                  <div
                    class="rbc-addons-dnd-row-body"
                  >
                    <div
                      class="rbc-row"
                    />
                    <div
                      class="rbc-row"
                    />
                  </div>
                </div>
              </div>
            </div>
          </div>
          <div
            class="rbc-time-content"
          >
            <div
              class="rbc-time-gutter rbc-time-column"
            />
            <div
              class="rbc-day-slot rbc-time-column rbc-now rbc-today"
            >
              <div>
                <div
                  class="rbc-events-container"
                />
              </div>
            </div>
            <div
              class="rbc-day-slot rbc-time-column"
            >
              <div>
                <div
                  class="rbc-events-container"
                />
              </div>
            </div>
            <div
              class="rbc-day-slot rbc-time-column"
            >
              <div>
                <div
                  class="rbc-events-container"
                />
              </div>
            </div>
            <div
              class="rbc-day-slot rbc-time-column"
            >
              <div>
                <div
                  class="rbc-events-container"
                />
              </div>
            </div>
            <div
              class="rbc-day-slot rbc-time-column"
            >
              <div>
                <div
                  class="rbc-events-container"
                />
              </div>
            </div>
          </div>
        </div>
      </div>
    </div>
  </div>,
  "debug": [Function],
  "findAllByAltText": [Function],
  "findAllByDisplayValue": [Function],
  "findAllByLabelText": [Function],
  "findAllByPlaceholderText": [Function],
  "findAllByRole": [Function],
  "findAllByTestId": [Function],
  "findAllByText": [Function],
  "findAllByTitle": [Function],
  "findByAltText": [Function],
  "findByDisplayValue": [Function],
  "findByLabelText": [Function],
  "findByPlaceholderText": [Function],
  "findByRole": [Function],
  "findByTestId": [Function],
  "findByText": [Function],
  "findByTitle": [Function],
  "getAllByAltText": [Function],
  "getAllByDisplayValue": [Function],
  "getAllByLabelText": [Function],
  "getAllByPlaceholderText": [Function],
  "getAllByRole": [Function],
  "getAllByTestId": [Function],
  "getAllByText": [Function],
  "getAllByTitle": [Function],
  "getByAltText": [Function],
  "getByDisplayValue": [Function],
  "getByLabelText": [Function],
  "getByPlaceholderText": [Function],
  "getByRole": [Function],
  "getByTestId": [Function],
  "getByText": [Function],
  "getByTitle": [Function],
  "queryAllByAltText": [Function],
  "queryAllByDisplayValue": [Function],
  "queryAllByLabelText": [Function],
  "queryAllByPlaceholderText": [Function],
  "queryAllByRole": [Function],
  "queryAllByTestId": [Function],
  "queryAllByText": [Function],
  "queryAllByTitle": [Function],
  "queryByAltText": [Function],
  "queryByDisplayValue": [Function],
  "queryByLabelText": [Function],
  "queryByPlaceholderText": [Function],
  "queryByRole": [Function],
  "queryByTestId": [Function],
  "queryByText": [Function],
  "queryByTitle": [Function],
  "rerender": [Function],
  "unmount": [Function],
}
`;
