// Jest Snapshot v1, https://goo.gl/fbAQLP

exports[`preview renders toggle button 1`] = `
<DocumentFragment>
  <div
    class="widget-charts-playground"
  >
    <div
      class="widget-charts-playground-toggle"
    >
      <button
        class="mx-button btn"
      >
        Toggle Editor
      </button>
    </div>
  </div>
</DocumentFragment>
`;
